Read 178691 words.
Tiles: [aab]
Solution: 1 [aba] Score [5]
Solution: 2 [baa] Score [5]
Tiles: [act]
Solution: 1 [act] Score [5]
Solution: 2 [cat] Score [5]
Tiles: [abt]
Solution: 1 [bat] Score [5]
Solution: 2 [tab] Score [5]
Tiles: [aeioubcd]
Solution: 1 [abduce] Score [11]
Solution: 2 [bodice] Score [11]
Solution: 3 [ceboid] Score [11]
Solution: 4 [cuboid] Score [11]
Tiles: [aeiou]
Solution: 1 [eau] Score [3]
