Read 178691 words.
Tiles: [it]
Solution: 1 [it] Score [2]
Solution: 2 [ti] Score [2]
Tiles: [ba]
Solution: 1 [ab] Score [4]
Solution: 2 [ba] Score [4]
Tiles: [ki]
Solution: 1 [ki] Score [6]
Tiles: [za]
Solution: 1 [za] Score [11]
Tiles: [ze]
Tiles: [ca]
Tiles: [li]
Solution: 1 [li] Score [2]
Tiles: []
